// Jest Snapshot v1, https://goo.gl/fbAQLP

exports[`<ProductDetailsStartColumn /> should render 1`] = `
.c2 {
  border: 0;
  height: 1px;
  background: #EEEEEE;
  width: 100%;
  margin: 0 0;
}

.c1 {
  width: 100%;
  height: 500px;
  border-radius: 0.25rem;
  display: flex;
  overflow: hidden;
  flex-shrink: 0;
}

.c1:empty {
  background: #EEEEEE;
}

.c1 img {
  width: 100%;
  height: 100%;
  object-fit: contain;
  object-position: center;
}

.c0 {
  padding: 1.5rem;
}

.c4 {
  font-size: 1.375rem;
  margin-bottom: 1.5rem;
  font-weight: 400;
}

.c5 {
  font-size: 1.125rem;
  font-weight: 300;
  color: #727272;
}

.c3 {
  margin: 1.5rem 0;
}

@media screen and (max-width: 992px) {
  .c1 {
    height: 200px;
  }
}

@media screen and (max-width: 992px) {
  .c0 {
    padding: 0.5rem;
  }
}

@media screen and (max-width: 992px) {
  .c4 {
    font-size: 1.125rem;
    margin-top: 2rem;
    margin-bottom: 0.75rem;
  }
}

@media screen and (max-width: 992px) {
  .c5 {
    font-size: 1rem;
  }
}

@media screen and (max-width: 992px) {
  .c3 {
    margin: 1.5rem 0;
  }
}

<div>
  <section
    class="c0 ProductDetails__picture"
  >
    <div
      class="c1"
    >
      <img
        loading="lazy"
        src="http://mock/picture.png"
      />
    </div>
    <hr
      class="c2 c3"
    />
  </section>
  <section
    class="c0 ProductDetails__info"
  >
    <section>
      <h2
        class="c4"
      >
        Descrição do Produto
      </h2>
      <p
        class="c5"
      >
        Lorem ipsum dolor sit amet, consectetur adipiscing elit. Donec elementum interdum sapien, vitae consectetur diam dictum condimentum. Nunc nec tellus nisl. Nulla ullamcorper, dui quis aliquet ultrices, magna velit condimentum elit, quis blandit mauris nunc sit amet justo. Donec at turpis magna. Suspendisse potenti 
      </p>
    </section>
  </section>
</div>
`;
